// Jest Snapshot v1, https://goo.gl/fbAQLP

exports[`renders correctly 1`] = `
<main
  className="PageContainer"
>
  <div
    className="content"
  >
    <p>
      Let's do some math!
    </p>
  </div>
  <section
    className="calculator-container"
  >
    <div
      className="display"
    >
      0
    </div>
    <div
      className="list-btn"
    >
      <button
        className="list-btn-item"
        onClick={[Function]}
        type="button"
      >
        AC
      </button>
      <button
        className="list-btn-item"
        onClick={[Function]}
        type="button"
      >
        +/-
      </button>
      <button
        className="list-btn-item"
        onClick={[Function]}
        type="button"
      >
        %
      </button>
      <button
        className="list-btn-item operator"
        onClick={[Function]}
        type="button"
      >
        รท
      </button>
    </div>
    <div
      className="list-btn"
    >
      <button
        className="list-btn-item"
        onClick={[Function]}
        type="button"
      >
        7
      </button>
      <button
        className="list-btn-item"
        onClick={[Function]}
        type="button"
      >
        8
      </button>
      <button
        className="list-btn-item"
        onClick={[Function]}
        type="button"
      >
        9
      </button>
      <button
        className="list-btn-item operator"
        onClick={[Function]}
        type="button"
      >
        x
      </button>
    </div>
    <div
      className="list-btn"
    >
      <button
        className="list-btn-item"
        onClick={[Function]}
        type="button"
      >
        4
      </button>
      <button
        className="list-btn-item"
        onClick={[Function]}
        type="button"
      >
        5
      </button>
      <button
        className="list-btn-item"
        onClick={[Function]}
        type="button"
      >
        6
      </button>
      <button
        className="list-btn-item operator"
        onClick={[Function]}
        type="button"
      >
        -
      </button>
    </div>
    <div
      className="list-btn"
    >
      <button
        className="list-btn-item"
        onClick={[Function]}
        type="button"
      >
        1
      </button>
      <button
        className="list-btn-item"
        onClick={[Function]}
        type="button"
      >
        2
      </button>
      <button
        className="list-btn-item"
        onClick={[Function]}
        type="button"
      >
        3
      </button>
      <button
        className="list-btn-item operator"
        onClick={[Function]}
        type="button"
      >
        +
      </button>
    </div>
    <div
      className="list-btn last-row"
    >
      <button
        className="list-btn-item"
        onClick={[Function]}
        type="button"
      >
        0
      </button>
      <button
        className="list-btn-item"
        onClick={[Function]}
        type="button"
      >
        .
      </button>
      <button
        className="list-btn-item operator"
        onClick={[Function]}
        type="button"
      >
        =
      </button>
    </div>
  </section>
</main>
`;
