// Jest Snapshot v1, https://goo.gl/fbAQLP

exports[`renders correctly 1`] = `
<nav>
  <div>
    <a
      className="logo"
      href="/math-magicians"
      onClick={[Function]}
    >
      Math Magicians
    </a>
  </div>
  <ul>
    <li>
      <a
        className=""
        href="/math-magicians"
        onClick={[Function]}
      >
        Home
      </a>
    </li>
    <li>
      <a
        className=""
        href="/Calculator"
        onClick={[Function]}
      >
        Calculator
      </a>
    </li>
    <li>
      <a
        className=""
        href="/Quote"
        onClick={[Function]}
      >
        Quote
      </a>
    </li>
  </ul>
</nav>
`;
